// Jest Snapshot v1, https://goo.gl/fbAQLP

exports[`Testing Account route renders correctly 1`] = `
<div
  className="d-flex justify-content-center"
>
  <div
    className="main-container"
  >
    <Jumbotron
      fluid={false}
      id="center-jumbotron"
    >
      <Container
        fluid={false}
      >
        <h2
          className="h2-center"
        >
          Account
        </h2>
        <Link
          to="/profile"
        >
          <button
            className="btnBorder-large"
          >
            Profile
          </button>
        </Link>
        <Link
          to="/customer-past-bookings"
        >
          <button
            className="btnBorder-large"
          >
            Booking History
          </button>
        </Link>
        <Link
          to="/account"
        >
          <button
            className="btnBorder-large"
            onClick={[Function]}
          >
            Log Out
          </button>
        </Link>
      </Container>
    </Jumbotron>
  </div>
</div>
`;
