// Jest Snapshot v1, https://goo.gl/fbAQLP

exports[`Testing Admin Past Bookings renders correctly 1`] = `
<Jumbotron
  fluid={false}
  id="jumbotron-cus-book-page"
>
  <Container
    fluid={false}
  >
    <h2
      className="h2-cus-book-page"
    >
      Admin Booking History
    </h2>
  </Container>
  <Container
    className="customerBookingPageContainer"
    fluid={false}
  >
    <Card
      body={false}
      border="light"
      className="shadow p-3 mb-5 bg-white rounded"
      style={
        Object {
          "width": "68rem",
        }
      }
    >
      <CardHeader
        as="h6"
      >
        <Row
          noGutters={false}
        >
          <Col>
            Service
          </Col>
          <Col>
            Employee
          </Col>
          <Col>
            Date
          </Col>
          <Col>
            Time
          </Col>
        </Row>
      </CardHeader>
      <CardBody>
        <AdminPastBookingLayout />
      </CardBody>
    </Card>
  </Container>
</Jumbotron>
`;
