// Jest Snapshot v1, https://goo.gl/fbAQLP

exports[`Testing ContactPage route renders correctly 1`] = `
<Jumbotron
  fluid={false}
  id="jumbotron-alt2"
>
  <Container
    fluid={false}
  >
    <h2
      className="h2-center"
    >
      Contact Us
    </h2>
    <h5
      className="h5-center"
    >
      <img
        alt="icon"
        height="40"
        src="icon_5.png"
      />
      Phone Number : 1300 0000
    </h5>
    <h5
      className="h5-center"
    >
      <img
        alt="icon"
        height="40"
        src="icon_4.png"
      />
      Email : bookingsystem@gmail.com
    </h5>
    <Row
      noGutters={false}
    >
      <Col
        className="shadow p-3 mb-5 bg-white rounded"
        id="contact-card"
      >
        <h4
          className="h5-main3"
        >
          Have any questions?
        </h4>
        <Form
          inline={false}
        >
          <FormGroup
            controlId="formName"
            id="form-custom"
          >
            <FormControl
              placeholder="Enter Name"
              type="text"
            />
          </FormGroup>
          <FormGroup
            controlId="formEmail"
            id="form-custom"
          >
            <FormControl
              placeholder="Enter Email"
              type="email"
            />
          </FormGroup>
          <FormGroup
            controlId="formFeedback"
            id="form-custom"
          >
            <FormControl
              placeholder="Enter Feedback"
              type="text"
            />
          </FormGroup>
          <Link
            to="/signup"
          >
            <button
              className="btn-filled"
              id="align-btn"
            >
              Submit Now
            </button>
          </Link>
        </Form>
      </Col>
    </Row>
  </Container>
</Jumbotron>
`;
